Archive member included to satisfy reference by file (symbol)

c:/program files (x86)/atmel/studio/7.0/toolchain/avr8/avr8-gnu-toolchain/bin/../lib/gcc/avr/5.4.0/../../../../avr/lib/avr5\libm.a(addsf3.o)
                              MCAL/PWM/src/PWM_program.o (__subsf3)
c:/program files (x86)/atmel/studio/7.0/toolchain/avr8/avr8-gnu-toolchain/bin/../lib/gcc/avr/5.4.0/../../../../avr/lib/avr5\libm.a(addsf3x.o)
                              c:/program files (x86)/atmel/studio/7.0/toolchain/avr8/avr8-gnu-toolchain/bin/../lib/gcc/avr/5.4.0/../../../../avr/lib/avr5\libm.a(addsf3.o) (__addsf3x)
c:/program files (x86)/atmel/studio/7.0/toolchain/avr8/avr8-gnu-toolchain/bin/../lib/gcc/avr/5.4.0/../../../../avr/lib/avr5\libm.a(cmpsf2.o)
                              MCAL/PWM/src/PWM_program.o (__lesf2)
c:/program files (x86)/atmel/studio/7.0/toolchain/avr8/avr8-gnu-toolchain/bin/../lib/gcc/avr/5.4.0/../../../../avr/lib/avr5\libm.a(divsf3.o)
                              HAL/SERVO/src/SRVM_program.o (__divsf3)
c:/program files (x86)/atmel/studio/7.0/toolchain/avr8/avr8-gnu-toolchain/bin/../lib/gcc/avr/5.4.0/../../../../avr/lib/avr5\libm.a(divsf3x.o)
                              c:/program files (x86)/atmel/studio/7.0/toolchain/avr8/avr8-gnu-toolchain/bin/../lib/gcc/avr/5.4.0/../../../../avr/lib/avr5\libm.a(divsf3.o) (__divsf3x)
c:/program files (x86)/atmel/studio/7.0/toolchain/avr8/avr8-gnu-toolchain/bin/../lib/gcc/avr/5.4.0/../../../../avr/lib/avr5\libm.a(fixunssfsi.o)
                              HAL/SERVO/src/SRVM_program.o (__fixunssfsi)
c:/program files (x86)/atmel/studio/7.0/toolchain/avr8/avr8-gnu-toolchain/bin/../lib/gcc/avr/5.4.0/../../../../avr/lib/avr5\libm.a(floatsisf.o)
                              MCAL/PWM/src/PWM_program.o (__floatunsisf)
c:/program files (x86)/atmel/studio/7.0/toolchain/avr8/avr8-gnu-toolchain/bin/../lib/gcc/avr/5.4.0/../../../../avr/lib/avr5\libm.a(fp_cmp.o)
                              c:/program files (x86)/atmel/studio/7.0/toolchain/avr8/avr8-gnu-toolchain/bin/../lib/gcc/avr/5.4.0/../../../../avr/lib/avr5\libm.a(cmpsf2.o) (__fp_cmp)
c:/program files (x86)/atmel/studio/7.0/toolchain/avr8/avr8-gnu-toolchain/bin/../lib/gcc/avr/5.4.0/../../../../avr/lib/avr5\libm.a(fp_inf.o)
                              c:/program files (x86)/atmel/studio/7.0/toolchain/avr8/avr8-gnu-toolchain/bin/../lib/gcc/avr/5.4.0/../../../../avr/lib/avr5\libm.a(addsf3x.o) (__fp_inf)
c:/program files (x86)/atmel/studio/7.0/toolchain/avr8/avr8-gnu-toolchain/bin/../lib/gcc/avr/5.4.0/../../../../avr/lib/avr5\libm.a(fp_nan.o)
                              c:/program files (x86)/atmel/studio/7.0/toolchain/avr8/avr8-gnu-toolchain/bin/../lib/gcc/avr/5.4.0/../../../../avr/lib/avr5\libm.a(addsf3x.o) (__fp_nan)
c:/program files (x86)/atmel/studio/7.0/toolchain/avr8/avr8-gnu-toolchain/bin/../lib/gcc/avr/5.4.0/../../../../avr/lib/avr5\libm.a(fp_pscA.o)
                              c:/program files (x86)/atmel/studio/7.0/toolchain/avr8/avr8-gnu-toolchain/bin/../lib/gcc/avr/5.4.0/../../../../avr/lib/avr5\libm.a(addsf3x.o) (__fp_pscA)
c:/program files (x86)/atmel/studio/7.0/toolchain/avr8/avr8-gnu-toolchain/bin/../lib/gcc/avr/5.4.0/../../../../avr/lib/avr5\libm.a(fp_pscB.o)
                              c:/program files (x86)/atmel/studio/7.0/toolchain/avr8/avr8-gnu-toolchain/bin/../lib/gcc/avr/5.4.0/../../../../avr/lib/avr5\libm.a(addsf3x.o) (__fp_pscB)
c:/program files (x86)/atmel/studio/7.0/toolchain/avr8/avr8-gnu-toolchain/bin/../lib/gcc/avr/5.4.0/../../../../avr/lib/avr5\libm.a(fp_round.o)
                              c:/program files (x86)/atmel/studio/7.0/toolchain/avr8/avr8-gnu-toolchain/bin/../lib/gcc/avr/5.4.0/../../../../avr/lib/avr5\libm.a(addsf3.o) (__fp_round)
c:/program files (x86)/atmel/studio/7.0/toolchain/avr8/avr8-gnu-toolchain/bin/../lib/gcc/avr/5.4.0/../../../../avr/lib/avr5\libm.a(fp_split3.o)
                              c:/program files (x86)/atmel/studio/7.0/toolchain/avr8/avr8-gnu-toolchain/bin/../lib/gcc/avr/5.4.0/../../../../avr/lib/avr5\libm.a(addsf3x.o) (__fp_split3)
c:/program files (x86)/atmel/studio/7.0/toolchain/avr8/avr8-gnu-toolchain/bin/../lib/gcc/avr/5.4.0/../../../../avr/lib/avr5\libm.a(fp_zero.o)
                              c:/program files (x86)/atmel/studio/7.0/toolchain/avr8/avr8-gnu-toolchain/bin/../lib/gcc/avr/5.4.0/../../../../avr/lib/avr5\libm.a(addsf3x.o) (__fp_zero)
c:/program files (x86)/atmel/studio/7.0/toolchain/avr8/avr8-gnu-toolchain/bin/../lib/gcc/avr/5.4.0/../../../../avr/lib/avr5\libm.a(mulsf3.o)
                              HAL/SERVO/src/SRVM_program.o (__mulsf3)
c:/program files (x86)/atmel/studio/7.0/toolchain/avr8/avr8-gnu-toolchain/bin/../lib/gcc/avr/5.4.0/../../../../avr/lib/avr5\libm.a(mulsf3x.o)
                              c:/program files (x86)/atmel/studio/7.0/toolchain/avr8/avr8-gnu-toolchain/bin/../lib/gcc/avr/5.4.0/../../../../avr/lib/avr5\libm.a(mulsf3.o) (__mulsf3x)
c:/program files (x86)/atmel/studio/7.0/toolchain/avr8/avr8-gnu-toolchain/bin/../lib/gcc/avr/5.4.0/avr5\libgcc.a(_divmodhi4.o)
                              MCAL/PWM/src/PWM_program.o (__divmodhi4)
c:/program files (x86)/atmel/studio/7.0/toolchain/avr8/avr8-gnu-toolchain/bin/../lib/gcc/avr/5.4.0/avr5\libgcc.a(_udivmodsi4.o)
                              MCAL/PWM/src/PWM_program.o (__udivmodsi4)
c:/program files (x86)/atmel/studio/7.0/toolchain/avr8/avr8-gnu-toolchain/bin/../lib/gcc/avr/5.4.0/avr5\libgcc.a(_exit.o)
                              C:/Program Files (x86)/Atmel/Studio/7.0/Packs/atmel/ATmega_DFP/1.7.374/gcc/dev/atmega32/avr5/crtatmega32.o (exit)
c:/program files (x86)/atmel/studio/7.0/toolchain/avr8/avr8-gnu-toolchain/bin/../lib/gcc/avr/5.4.0/avr5\libgcc.a(_copy_data.o)
                              HAL/KEYPAD/src/KPD_program.o (__do_copy_data)
c:/program files (x86)/atmel/studio/7.0/toolchain/avr8/avr8-gnu-toolchain/bin/../lib/gcc/avr/5.4.0/avr5\libgcc.a(_udivmodhi4.o)
                              c:/program files (x86)/atmel/studio/7.0/toolchain/avr8/avr8-gnu-toolchain/bin/../lib/gcc/avr/5.4.0/avr5\libgcc.a(_divmodhi4.o) (__udivmodhi4)
c:/program files (x86)/atmel/studio/7.0/toolchain/avr8/avr8-gnu-toolchain/bin/../lib/gcc/avr/5.4.0/../../../../avr/lib/avr5\libc.a(strcmp.o)
                              main.o (strcmp)

Discarded input sections

 .data          0x00000000        0x0 C:/Program Files (x86)/Atmel/Studio/7.0/Packs/atmel/ATmega_DFP/1.7.374/gcc/dev/atmega32/avr5/crtatmega32.o
 .bss           0x00000000        0x0 C:/Program Files (x86)/Atmel/Studio/7.0/Packs/atmel/ATmega_DFP/1.7.374/gcc/dev/atmega32/avr5/crtatmega32.o
 .text          0x00000000        0x0 AES/src/AES_program.o
 .data          0x00000000        0x0 AES/src/AES_program.o
 .bss           0x00000000        0x0 AES/src/AES_program.o
 .debug_line    0x00000000        0x0 AES/src/AES_program.o
 .debug_str     0x00000000      0x107 AES/src/AES_program.o
 .comment       0x00000000       0x31 AES/src/AES_program.o
 .text          0x00000000        0x0 HAL/BUZZER/src/Buzzer_program.o
 .data          0x00000000        0x0 HAL/BUZZER/src/Buzzer_program.o
 .bss           0x00000000        0x0 HAL/BUZZER/src/Buzzer_program.o
 .text.BUZZER_voidToggle
                0x00000000        0x6 HAL/BUZZER/src/Buzzer_program.o
 .text          0x00000000        0x0 HAL/DC/src/DCMOTOR_program.o
 .data          0x00000000        0x0 HAL/DC/src/DCMOTOR_program.o
 .bss           0x00000000        0x0 HAL/DC/src/DCMOTOR_program.o
 .text          0x00000000        0x0 HAL/DC/src/DCMOTOR_test.o
 .data          0x00000000        0x0 HAL/DC/src/DCMOTOR_test.o
 .bss           0x00000000        0x0 HAL/DC/src/DCMOTOR_test.o
 .debug_info    0x00000000       0x56 HAL/DC/src/DCMOTOR_test.o
 .debug_abbrev  0x00000000       0x1b HAL/DC/src/DCMOTOR_test.o
 .debug_aranges
                0x00000000       0x18 HAL/DC/src/DCMOTOR_test.o
 .debug_line    0x00000000       0x1a HAL/DC/src/DCMOTOR_test.o
 .debug_str     0x00000000      0x16a HAL/DC/src/DCMOTOR_test.o
 .comment       0x00000000       0x31 HAL/DC/src/DCMOTOR_test.o
 .text          0x00000000        0x0 HAL/EEPROM/src/EEPROM_program.o
 .data          0x00000000        0x0 HAL/EEPROM/src/EEPROM_program.o
 .bss           0x00000000        0x0 HAL/EEPROM/src/EEPROM_program.o
 .text.EEPROM_readByte
                0x00000000       0x12 HAL/EEPROM/src/EEPROM_program.o
 .text.EEPROM_readString
                0x00000000       0x4c HAL/EEPROM/src/EEPROM_program.o
 .text          0x00000000        0x0 HAL/KEYPAD/src/KPD_program.o
 .data          0x00000000        0x0 HAL/KEYPAD/src/KPD_program.o
 .bss           0x00000000        0x0 HAL/KEYPAD/src/KPD_program.o
 .text          0x00000000        0x0 HAL/LCD/src/LCD_program.o
 .data          0x00000000        0x0 HAL/LCD/src/LCD_program.o
 .bss           0x00000000        0x0 HAL/LCD/src/LCD_program.o
 .text.LCD_voidClear
                0x00000000       0x28 HAL/LCD/src/LCD_program.o
 .text          0x00000000        0x0 HAL/LED/src/LED_program.o
 .data          0x00000000        0x0 HAL/LED/src/LED_program.o
 .bss           0x00000000        0x0 HAL/LED/src/LED_program.o
 .text.LED_voidToggle
                0x00000000        0x6 HAL/LED/src/LED_program.o
 .text          0x00000000        0x0 HAL/SERVO/src/SRVM_program.o
 .data          0x00000000        0x0 HAL/SERVO/src/SRVM_program.o
 .bss           0x00000000        0x0 HAL/SERVO/src/SRVM_program.o
 .text          0x00000000        0x0 HAL/SWITCH/src/SWITCH_program.o
 .data          0x00000000        0x0 HAL/SWITCH/src/SWITCH_program.o
 .bss           0x00000000        0x0 HAL/SWITCH/src/SWITCH_program.o
 .text.SWITCH_voidInit
                0x00000000        0x8 HAL/SWITCH/src/SWITCH_program.o
 .text.SWITCH_u8GetState
                0x00000000       0x1e HAL/SWITCH/src/SWITCH_program.o
 .debug_info    0x00000000      0x14a HAL/SWITCH/src/SWITCH_program.o
 .debug_abbrev  0x00000000       0xab HAL/SWITCH/src/SWITCH_program.o
 .debug_loc     0x00000000       0xcc HAL/SWITCH/src/SWITCH_program.o
 .debug_aranges
                0x00000000       0x28 HAL/SWITCH/src/SWITCH_program.o
 .debug_ranges  0x00000000       0x18 HAL/SWITCH/src/SWITCH_program.o
 .debug_line    0x00000000       0xb2 HAL/SWITCH/src/SWITCH_program.o
 .debug_str     0x00000000      0x1f2 HAL/SWITCH/src/SWITCH_program.o
 .comment       0x00000000       0x31 HAL/SWITCH/src/SWITCH_program.o
 .debug_frame   0x00000000       0x44 HAL/SWITCH/src/SWITCH_program.o
 .text          0x00000000        0x0 main.o
 .data          0x00000000        0x0 main.o
 .bss           0x00000000        0x0 main.o
 .text          0x00000000        0x0 MCAL/DIO/src/DIO_program.o
 .data          0x00000000        0x0 MCAL/DIO/src/DIO_program.o
 .bss           0x00000000        0x0 MCAL/DIO/src/DIO_program.o
 .text.DIO_voidTogglePinValue
                0x00000000       0x70 MCAL/DIO/src/DIO_program.o
 .text.DIO_voidSetPortDirection
                0x00000000       0x20 MCAL/DIO/src/DIO_program.o
 .text.DIO_voidSetPortValue
                0x00000000       0x20 MCAL/DIO/src/DIO_program.o
 .text.DIO_voidGetPortValue
                0x00000000       0x30 MCAL/DIO/src/DIO_program.o
 .text.DIO_voidTogglePortValue
                0x00000000       0x38 MCAL/DIO/src/DIO_program.o
 .text.DIO_voidActivePortInPullUpResistance
                0x00000000       0x20 MCAL/DIO/src/DIO_program.o
 .text          0x00000000        0x0 MCAL/EXTI/src/EXTI_program.o
 .data          0x00000000        0x0 MCAL/EXTI/src/EXTI_program.o
 .bss           0x00000000        0x0 MCAL/EXTI/src/EXTI_program.o
 .text.EXTI_voidEnable
                0x00000000       0x52 MCAL/EXTI/src/EXTI_program.o
 .text.EXTI_VoidDisable
                0x00000000        0xc MCAL/EXTI/src/EXTI_program.o
 .debug_info    0x00000000       0xc9 MCAL/EXTI/src/EXTI_program.o
 .debug_abbrev  0x00000000       0x7e MCAL/EXTI/src/EXTI_program.o
 .debug_loc     0x00000000       0x8d MCAL/EXTI/src/EXTI_program.o
 .debug_aranges
                0x00000000       0x28 MCAL/EXTI/src/EXTI_program.o
 .debug_ranges  0x00000000       0x18 MCAL/EXTI/src/EXTI_program.o
 .debug_line    0x00000000       0xda MCAL/EXTI/src/EXTI_program.o
 .debug_str     0x00000000      0x1b8 MCAL/EXTI/src/EXTI_program.o
 .comment       0x00000000       0x31 MCAL/EXTI/src/EXTI_program.o
 .debug_frame   0x00000000       0x34 MCAL/EXTI/src/EXTI_program.o
 .text          0x00000000        0x0 MCAL/PWM/src/PWM_program.o
 .data          0x00000000        0x0 MCAL/PWM/src/PWM_program.o
 .bss           0x00000000        0x0 MCAL/PWM/src/PWM_program.o
 .text.PWM_voidInitChannel_0
                0x00000000       0x1a MCAL/PWM/src/PWM_program.o
 .text.PWM_voidGenerate_PWM_Channel_0
                0x00000000       0x28 MCAL/PWM/src/PWM_program.o
 .text          0x00000000        0x0 MCAL/TWI/src/TWI_program.o
 .data          0x00000000        0x0 MCAL/TWI/src/TWI_program.o
 .bss           0x00000000        0x0 MCAL/TWI/src/TWI_program.o
 .text.TWI_voidInitMaster
                0x00000000       0x18 MCAL/TWI/src/TWI_program.o
 .text.TWI_voidSendStartCondition
                0x00000000       0x1c MCAL/TWI/src/TWI_program.o
 .text.TWI_voidSendRepeatedStartCondition
                0x00000000       0x1c MCAL/TWI/src/TWI_program.o
 .text.TWI_voidSendStopCondition
                0x00000000        0xe MCAL/TWI/src/TWI_program.o
 .text.TWI_voidSendSlaveAddWithWrite
                0x00000000       0x2a MCAL/TWI/src/TWI_program.o
 .text.TWI_voidSendSlaveAddWithRead
                0x00000000       0x2a MCAL/TWI/src/TWI_program.o
 .text.TWI_voidTransmitMasterDataByte
                0x00000000       0x18 MCAL/TWI/src/TWI_program.o
 .text.TWI_voidReceiveMasterDataByteWithAck
                0x00000000       0x2c MCAL/TWI/src/TWI_program.o
 .text.TWI_voidReceiveMasterDataByteWithNack
                0x00000000       0x20 MCAL/TWI/src/TWI_program.o
 .debug_info    0x00000000      0x198 MCAL/TWI/src/TWI_program.o
 .debug_abbrev  0x00000000       0x90 MCAL/TWI/src/TWI_program.o
 .debug_loc     0x00000000       0xbf MCAL/TWI/src/TWI_program.o
 .debug_aranges
                0x00000000       0x60 MCAL/TWI/src/TWI_program.o
 .debug_ranges  0x00000000       0x50 MCAL/TWI/src/TWI_program.o
 .debug_line    0x00000000      0x240 MCAL/TWI/src/TWI_program.o
 .debug_str     0x00000000      0x2a8 MCAL/TWI/src/TWI_program.o
 .comment       0x00000000       0x31 MCAL/TWI/src/TWI_program.o
 .debug_frame   0x00000000       0xa4 MCAL/TWI/src/TWI_program.o
 .text          0x00000000        0x0 MCAL/UART/src/UART_program.o
 .data          0x00000000        0x0 MCAL/UART/src/UART_program.o
 .bss           0x00000000        0x0 MCAL/UART/src/UART_program.o
 .text          0x00000000        0x0 c:/program files (x86)/atmel/studio/7.0/toolchain/avr8/avr8-gnu-toolchain/bin/../lib/gcc/avr/5.4.0/../../../../avr/lib/avr5\libm.a(addsf3.o)
 .data          0x00000000        0x0 c:/program files (x86)/atmel/studio/7.0/toolchain/avr8/avr8-gnu-toolchain/bin/../lib/gcc/avr/5.4.0/../../../../avr/lib/avr5\libm.a(addsf3.o)
 .bss           0x00000000        0x0 c:/program files (x86)/atmel/studio/7.0/toolchain/avr8/avr8-gnu-toolchain/bin/../lib/gcc/avr/5.4.0/../../../../avr/lib/avr5\libm.a(addsf3.o)
 .text          0x00000000        0x0 c:/program files (x86)/atmel/studio/7.0/toolchain/avr8/avr8-gnu-toolchain/bin/../lib/gcc/avr/5.4.0/../../../../avr/lib/avr5\libm.a(addsf3x.o)
 .data          0x00000000        0x0 c:/program files (x86)/atmel/studio/7.0/toolchain/avr8/avr8-gnu-toolchain/bin/../lib/gcc/avr/5.4.0/../../../../avr/lib/avr5\libm.a(addsf3x.o)
 .bss           0x00000000        0x0 c:/program files (x86)/atmel/studio/7.0/toolchain/avr8/avr8-gnu-toolchain/bin/../lib/gcc/avr/5.4.0/../../../../avr/lib/avr5\libm.a(addsf3x.o)
 .text          0x00000000        0x0 c:/program files (x86)/atmel/studio/7.0/toolchain/avr8/avr8-gnu-toolchain/bin/../lib/gcc/avr/5.4.0/../../../../avr/lib/avr5\libm.a(cmpsf2.o)
 .data          0x00000000        0x0 c:/program files (x86)/atmel/studio/7.0/toolchain/avr8/avr8-gnu-toolchain/bin/../lib/gcc/avr/5.4.0/../../../../avr/lib/avr5\libm.a(cmpsf2.o)
 .bss           0x00000000        0x0 c:/program files (x86)/atmel/studio/7.0/toolchain/avr8/avr8-gnu-toolchain/bin/../lib/gcc/avr/5.4.0/../../../../avr/lib/avr5\libm.a(cmpsf2.o)
 .text          0x00000000        0x0 c:/program files (x86)/atmel/studio/7.0/toolchain/avr8/avr8-gnu-toolchain/bin/../lib/gcc/avr/5.4.0/../../../../avr/lib/avr5\libm.a(divsf3.o)
 .data          0x00000000        0x0 c:/program files (x86)/atmel/studio/7.0/toolchain/avr8/avr8-gnu-toolchain/bin/../lib/gcc/avr/5.4.0/../../../../avr/lib/avr5\libm.a(divsf3.o)
 .bss           0x00000000        0x0 c:/program files (x86)/atmel/studio/7.0/toolchain/avr8/avr8-gnu-toolchain/bin/../lib/gcc/avr/5.4.0/../../../../avr/lib/avr5\libm.a(divsf3.o)
 .text          0x00000000        0x0 c:/program files (x86)/atmel/studio/7.0/toolchain/avr8/avr8-gnu-toolchain/bin/../lib/gcc/avr/5.4.0/../../../../avr/lib/avr5\libm.a(divsf3x.o)
 .data          0x00000000        0x0 c:/program files (x86)/atmel/studio/7.0/toolchain/avr8/avr8-gnu-toolchain/bin/../lib/gcc/avr/5.4.0/../../../../avr/lib/avr5\libm.a(divsf3x.o)
 .bss           0x00000000        0x0 c:/program files (x86)/atmel/studio/7.0/toolchain/avr8/avr8-gnu-toolchain/bin/../lib/gcc/avr/5.4.0/../../../../avr/lib/avr5\libm.a(divsf3x.o)
 .text          0x00000000        0x0 c:/program files (x86)/atmel/studio/7.0/toolchain/avr8/avr8-gnu-toolchain/bin/../lib/gcc/avr/5.4.0/../../../../avr/lib/avr5\libm.a(fixunssfsi.o)
 .data          0x00000000        0x0 c:/program files (x86)/atmel/studio/7.0/toolchain/avr8/avr8-gnu-toolchain/bin/../lib/gcc/avr/5.4.0/../../../../avr/lib/avr5\libm.a(fixunssfsi.o)
 .bss           0x00000000        0x0 c:/program files (x86)/atmel/studio/7.0/toolchain/avr8/avr8-gnu-toolchain/bin/../lib/gcc/avr/5.4.0/../../../../avr/lib/avr5\libm.a(fixunssfsi.o)
 .text          0x00000000        0x0 c:/program files (x86)/atmel/studio/7.0/toolchain/avr8/avr8-gnu-toolchain/bin/../lib/gcc/avr/5.4.0/../../../../avr/lib/avr5\libm.a(floatsisf.o)
 .data          0x00000000        0x0 c:/program files (x86)/atmel/studio/7.0/toolchain/avr8/avr8-gnu-toolchain/bin/../lib/gcc/avr/5.4.0/../../../../avr/lib/avr5\libm.a(floatsisf.o)
 .bss           0x00000000        0x0 c:/program files (x86)/atmel/studio/7.0/toolchain/avr8/avr8-gnu-toolchain/bin/../lib/gcc/avr/5.4.0/../../../../avr/lib/avr5\libm.a(floatsisf.o)
 .text          0x00000000        0x0 c:/program files (x86)/atmel/studio/7.0/toolchain/avr8/avr8-gnu-toolchain/bin/../lib/gcc/avr/5.4.0/../../../../avr/lib/avr5\libm.a(fp_cmp.o)
 .data          0x00000000        0x0 c:/program files (x86)/atmel/studio/7.0/toolchain/avr8/avr8-gnu-toolchain/bin/../lib/gcc/avr/5.4.0/../../../../avr/lib/avr5\libm.a(fp_cmp.o)
 .bss           0x00000000        0x0 c:/program files (x86)/atmel/studio/7.0/toolchain/avr8/avr8-gnu-toolchain/bin/../lib/gcc/avr/5.4.0/../../../../avr/lib/avr5\libm.a(fp_cmp.o)
 .text          0x00000000        0x0 c:/program files (x86)/atmel/studio/7.0/toolchain/avr8/avr8-gnu-toolchain/bin/../lib/gcc/avr/5.4.0/../../../../avr/lib/avr5\libm.a(fp_inf.o)
 .data          0x00000000        0x0 c:/program files (x86)/atmel/studio/7.0/toolchain/avr8/avr8-gnu-toolchain/bin/../lib/gcc/avr/5.4.0/../../../../avr/lib/avr5\libm.a(fp_inf.o)
 .bss           0x00000000        0x0 c:/program files (x86)/atmel/studio/7.0/toolchain/avr8/avr8-gnu-toolchain/bin/../lib/gcc/avr/5.4.0/../../../../avr/lib/avr5\libm.a(fp_inf.o)
 .text          0x00000000        0x0 c:/program files (x86)/atmel/studio/7.0/toolchain/avr8/avr8-gnu-toolchain/bin/../lib/gcc/avr/5.4.0/../../../../avr/lib/avr5\libm.a(fp_nan.o)
 .data          0x00000000        0x0 c:/program files (x86)/atmel/studio/7.0/toolchain/avr8/avr8-gnu-toolchain/bin/../lib/gcc/avr/5.4.0/../../../../avr/lib/avr5\libm.a(fp_nan.o)
 .bss           0x00000000        0x0 c:/program files (x86)/atmel/studio/7.0/toolchain/avr8/avr8-gnu-toolchain/bin/../lib/gcc/avr/5.4.0/../../../../avr/lib/avr5\libm.a(fp_nan.o)
 .text          0x00000000        0x0 c:/program files (x86)/atmel/studio/7.0/toolchain/avr8/avr8-gnu-toolchain/bin/../lib/gcc/avr/5.4.0/../../../../avr/lib/avr5\libm.a(fp_pscA.o)
 .data          0x00000000        0x0 c:/program files (x86)/atmel/studio/7.0/toolchain/avr8/avr8-gnu-toolchain/bin/../lib/gcc/avr/5.4.0/../../../../avr/lib/avr5\libm.a(fp_pscA.o)
 .bss           0x00000000        0x0 c:/program files (x86)/atmel/studio/7.0/toolchain/avr8/avr8-gnu-toolchain/bin/../lib/gcc/avr/5.4.0/../../../../avr/lib/avr5\libm.a(fp_pscA.o)
 .text          0x00000000        0x0 c:/program files (x86)/atmel/studio/7.0/toolchain/avr8/avr8-gnu-toolchain/bin/../lib/gcc/avr/5.4.0/../../../../avr/lib/avr5\libm.a(fp_pscB.o)
 .data          0x00000000        0x0 c:/program files (x86)/atmel/studio/7.0/toolchain/avr8/avr8-gnu-toolchain/bin/../lib/gcc/avr/5.4.0/../../../../avr/lib/avr5\libm.a(fp_pscB.o)
 .bss           0x00000000        0x0 c:/program files (x86)/atmel/studio/7.0/toolchain/avr8/avr8-gnu-toolchain/bin/../lib/gcc/avr/5.4.0/../../../../avr/lib/avr5\libm.a(fp_pscB.o)
 .text          0x00000000        0x0 c:/program files (x86)/atmel/studio/7.0/toolchain/avr8/avr8-gnu-toolchain/bin/../lib/gcc/avr/5.4.0/../../../../avr/lib/avr5\libm.a(fp_round.o)
 .data          0x00000000        0x0 c:/program files (x86)/atmel/studio/7.0/toolchain/avr8/avr8-gnu-toolchain/bin/../lib/gcc/avr/5.4.0/../../../../avr/lib/avr5\libm.a(fp_round.o)
 .bss           0x00000000        0x0 c:/program files (x86)/atmel/studio/7.0/toolchain/avr8/avr8-gnu-toolchain/bin/../lib/gcc/avr/5.4.0/../../../../avr/lib/avr5\libm.a(fp_round.o)
 .text          0x00000000        0x0 c:/program files (x86)/atmel/studio/7.0/toolchain/avr8/avr8-gnu-toolchain/bin/../lib/gcc/avr/5.4.0/../../../../avr/lib/avr5\libm.a(fp_split3.o)
 .data          0x00000000        0x0 c:/program files (x86)/atmel/studio/7.0/toolchain/avr8/avr8-gnu-toolchain/bin/../lib/gcc/avr/5.4.0/../../../../avr/lib/avr5\libm.a(fp_split3.o)
 .bss           0x00000000        0x0 c:/program files (x86)/atmel/studio/7.0/toolchain/avr8/avr8-gnu-toolchain/bin/../lib/gcc/avr/5.4.0/../../../../avr/lib/avr5\libm.a(fp_split3.o)
 .text          0x00000000        0x0 c:/program files (x86)/atmel/studio/7.0/toolchain/avr8/avr8-gnu-toolchain/bin/../lib/gcc/avr/5.4.0/../../../../avr/lib/avr5\libm.a(fp_zero.o)
 .data          0x00000000        0x0 c:/program files (x86)/atmel/studio/7.0/toolchain/avr8/avr8-gnu-toolchain/bin/../lib/gcc/avr/5.4.0/../../../../avr/lib/avr5\libm.a(fp_zero.o)
 .bss           0x00000000        0x0 c:/program files (x86)/atmel/studio/7.0/toolchain/avr8/avr8-gnu-toolchain/bin/../lib/gcc/avr/5.4.0/../../../../avr/lib/avr5\libm.a(fp_zero.o)
 .text          0x00000000        0x0 c:/program files (x86)/atmel/studio/7.0/toolchain/avr8/avr8-gnu-toolchain/bin/../lib/gcc/avr/5.4.0/../../../../avr/lib/avr5\libm.a(mulsf3.o)
 .data          0x00000000        0x0 c:/program files (x86)/atmel/studio/7.0/toolchain/avr8/avr8-gnu-toolchain/bin/../lib/gcc/avr/5.4.0/../../../../avr/lib/avr5\libm.a(mulsf3.o)
 .bss           0x00000000        0x0 c:/program files (x86)/atmel/studio/7.0/toolchain/avr8/avr8-gnu-toolchain/bin/../lib/gcc/avr/5.4.0/../../../../avr/lib/avr5\libm.a(mulsf3.o)
 .text          0x00000000        0x0 c:/program files (x86)/atmel/studio/7.0/toolchain/avr8/avr8-gnu-toolchain/bin/../lib/gcc/avr/5.4.0/../../../../avr/lib/avr5\libm.a(mulsf3x.o)
 .data          0x00000000        0x0 c:/program files (x86)/atmel/studio/7.0/toolchain/avr8/avr8-gnu-toolchain/bin/../lib/gcc/avr/5.4.0/../../../../avr/lib/avr5\libm.a(mulsf3x.o)
 .bss           0x00000000        0x0 c:/program files (x86)/atmel/studio/7.0/toolchain/avr8/avr8-gnu-toolchain/bin/../lib/gcc/avr/5.4.0/../../../../avr/lib/avr5\libm.a(mulsf3x.o)
 .text          0x00000000        0x0 c:/program files (x86)/atmel/studio/7.0/toolchain/avr8/avr8-gnu-toolchain/bin/../lib/gcc/avr/5.4.0/avr5\libgcc.a(_divmodhi4.o)
 .data          0x00000000        0x0 c:/program files (x86)/atmel/studio/7.0/toolchain/avr8/avr8-gnu-toolchain/bin/../lib/gcc/avr/5.4.0/avr5\libgcc.a(_divmodhi4.o)
 .bss           0x00000000        0x0 c:/program files (x86)/atmel/studio/7.0/toolchain/avr8/avr8-gnu-toolchain/bin/../lib/gcc/avr/5.4.0/avr5\libgcc.a(_divmodhi4.o)
 .text.libgcc.mul
                0x00000000        0x0 c:/program files (x86)/atmel/studio/7.0/toolchain/avr8/avr8-gnu-toolchain/bin/../lib/gcc/avr/5.4.0/avr5\libgcc.a(_divmodhi4.o)
 .text.libgcc.div
                0x00000000       0x28 c:/program files (x86)/atmel/studio/7.0/toolchain/avr8/avr8-gnu-toolchain/bin/../lib/gcc/avr/5.4.0/avr5\libgcc.a(_divmodhi4.o)
 .text.libgcc   0x00000000        0x0 c:/program files (x86)/atmel/studio/7.0/toolchain/avr8/avr8-gnu-toolchain/bin/../lib/gcc/avr/5.4.0/avr5\libgcc.a(_divmodhi4.o)
 .text.libgcc.prologue
                0x00000000        0x0 c:/program files (x86)/atmel/studio/7.0/toolchain/avr8/avr8-gnu-toolchain/bin/../lib/gcc/avr/5.4.0/avr5\libgcc.a(_divmodhi4.o)
 .text.libgcc.builtins
                0x00000000        0x0 c:/program files (x86)/atmel/studio/7.0/toolchain/avr8/avr8-gnu-toolchain/bin/../lib/gcc/avr/5.4.0/avr5\libgcc.a(_divmodhi4.o)
 .text.libgcc.fmul
                0x00000000        0x0 c:/program files (x86)/atmel/studio/7.0/toolchain/avr8/avr8-gnu-toolchain/bin/../lib/gcc/avr/5.4.0/avr5\libgcc.a(_divmodhi4.o)
 .text.libgcc.fixed
                0x00000000        0x0 c:/program files (x86)/atmel/studio/7.0/toolchain/avr8/avr8-gnu-toolchain/bin/../lib/gcc/avr/5.4.0/avr5\libgcc.a(_divmodhi4.o)
 .text          0x00000000        0x0 c:/program files (x86)/atmel/studio/7.0/toolchain/avr8/avr8-gnu-toolchain/bin/../lib/gcc/avr/5.4.0/avr5\libgcc.a(_udivmodsi4.o)
 .data          0x00000000        0x0 c:/program files (x86)/atmel/studio/7.0/toolchain/avr8/avr8-gnu-toolchain/bin/../lib/gcc/avr/5.4.0/avr5\libgcc.a(_udivmodsi4.o)
 .bss           0x00000000        0x0 c:/program files (x86)/atmel/studio/7.0/toolchain/avr8/avr8-gnu-toolchain/bin/../lib/gcc/avr/5.4.0/avr5\libgcc.a(_udivmodsi4.o)
 .text.libgcc.mul
                0x00000000        0x0 c:/program files (x86)/atmel/studio/7.0/toolchain/avr8/avr8-gnu-toolchain/bin/../lib/gcc/avr/5.4.0/avr5\libgcc.a(_udivmodsi4.o)
 .text.libgcc   0x00000000        0x0 c:/program files (x86)/atmel/studio/7.0/toolchain/avr8/avr8-gnu-toolchain/bin/../lib/gcc/avr/5.4.0/avr5\libgcc.a(_udivmodsi4.o)
 .text.libgcc.prologue
                0x00000000        0x0 c:/program files (x86)/atmel/studio/7.0/toolchain/avr8/avr8-gnu-toolchain/bin/../lib/gcc/avr/5.4.0/avr5\libgcc.a(_udivmodsi4.o)
 .text.libgcc.builtins
                0x00000000        0x0 c:/program files (x86)/atmel/studio/7.0/toolchain/avr8/avr8-gnu-toolchain/bin/../lib/gcc/avr/5.4.0/avr5\libgcc.a(_udivmodsi4.o)
 .text.libgcc.fmul
                0x00000000        0x0 c:/program files (x86)/atmel/studio/7.0/toolchain/avr8/avr8-gnu-toolchain/bin/../lib/gcc/avr/5.4.0/avr5\libgcc.a(_udivmodsi4.o)
 .text.libgcc.fixed
                0x00000000        0x0 c:/program files (x86)/atmel/studio/7.0/toolchain/avr8/avr8-gnu-toolchain/bin/../lib/gcc/avr/5.4.0/avr5\libgcc.a(_udivmodsi4.o)
 .text          0x00000000        0x0 c:/program files (x86)/atmel/studio/7.0/toolchain/avr8/avr8-gnu-toolchain/bin/../lib/gcc/avr/5.4.0/avr5\libgcc.a(_exit.o)
 .data          0x00000000        0x0 c:/program files (x86)/atmel/studio/7.0/toolchain/avr8/avr8-gnu-toolchain/bin/../lib/gcc/avr/5.4.0/avr5\libgcc.a(_exit.o)
 .bss           0x00000000        0x0 c:/program files (x86)/atmel/studio/7.0/toolchain/avr8/avr8-gnu-toolchain/bin/../lib/gcc/avr/5.4.0/avr5\libgcc.a(_exit.o)
 .text.libgcc.mul
                0x00000000        0x0 c:/program files (x86)/atmel/studio/7.0/toolchain/avr8/avr8-gnu-toolchain/bin/../lib/gcc/avr/5.4.0/avr5\libgcc.a(_exit.o)
 .text.libgcc.div
                0x00000000        0x0 c:/program files (x86)/atmel/studio/7.0/toolchain/avr8/avr8-gnu-toolchain/bin/../lib/gcc/avr/5.4.0/avr5\libgcc.a(_exit.o)
 .text.libgcc   0x00000000        0x0 c:/program files (x86)/atmel/studio/7.0/toolchain/avr8/avr8-gnu-toolchain/bin/../lib/gcc/avr/5.4.0/avr5\libgcc.a(_exit.o)
 .text.libgcc.prologue
                0x00000000        0x0 c:/program files (x86)/atmel/studio/7.0/toolchain/avr8/avr8-gnu-toolchain/bin/../lib/gcc/avr/5.4.0/avr5\libgcc.a(_exit.o)
 .text.libgcc.builtins
                0x00000000        0x0 c:/program files (x86)/atmel/studio/7.0/toolchain/avr8/avr8-gnu-toolchain/bin/../lib/gcc/avr/5.4.0/avr5\libgcc.a(_exit.o)
 .text.libgcc.fmul
                0x00000000        0x0 c:/program files (x86)/atmel/studio/7.0/toolchain/avr8/avr8-gnu-toolchain/bin/../lib/gcc/avr/5.4.0/avr5\libgcc.a(_exit.o)
 .text.libgcc.fixed
                0x00000000        0x0 c:/program files (x86)/atmel/studio/7.0/toolchain/avr8/avr8-gnu-toolchain/bin/../lib/gcc/avr/5.4.0/avr5\libgcc.a(_exit.o)
 .text          0x00000000        0x0 c:/program files (x86)/atmel/studio/7.0/toolchain/avr8/avr8-gnu-toolchain/bin/../lib/gcc/avr/5.4.0/avr5\libgcc.a(_copy_data.o)
 .data          0x00000000        0x0 c:/program files (x86)/atmel/studio/7.0/toolchain/avr8/avr8-gnu-toolchain/bin/../lib/gcc/avr/5.4.0/avr5\libgcc.a(_copy_data.o)
 .bss           0x00000000        0x0 c:/program files (x86)/atmel/studio/7.0/toolchain/avr8/avr8-gnu-toolchain/bin/../lib/gcc/avr/5.4.0/avr5\libgcc.a(_copy_data.o)
 .text.libgcc.mul
                0x00000000        0x0 c:/program files (x86)/atmel/studio/7.0/toolchain/avr8/avr8-gnu-toolchain/bin/../lib/gcc/avr/5.4.0/avr5\libgcc.a(_copy_data.o)
 .text.libgcc.div
                0x00000000        0x0 c:/program files (x86)/atmel/studio/7.0/toolchain/avr8/avr8-gnu-toolchain/bin/../lib/gcc/avr/5.4.0/avr5\libgcc.a(_copy_data.o)
 .text.libgcc   0x00000000        0x0 c:/program files (x86)/atmel/studio/7.0/toolchain/avr8/avr8-gnu-toolchain/bin/../lib/gcc/avr/5.4.0/avr5\libgcc.a(_copy_data.o)
 .text.libgcc.prologue
                0x00000000        0x0 c:/program files (x86)/atmel/studio/7.0/toolchain/avr8/avr8-gnu-toolchain/bin/../lib/gcc/avr/5.4.0/avr5\libgcc.a(_copy_data.o)
 .text.libgcc.builtins
                0x00000000        0x0 c:/program files (x86)/atmel/studio/7.0/toolchain/avr8/avr8-gnu-toolchain/bin/../lib/gcc/avr/5.4.0/avr5\libgcc.a(_copy_data.o)
 .text.libgcc.fmul
                0x00000000        0x0 c:/program files (x86)/atmel/studio/7.0/toolchain/avr8/avr8-gnu-toolchain/bin/../lib/gcc/avr/5.4.0/avr5\libgcc.a(_copy_data.o)
 .text.libgcc.fixed
                0x00000000        0x0 c:/program files (x86)/atmel/studio/7.0/toolchain/avr8/avr8-gnu-toolchain/bin/../lib/gcc/avr/5.4.0/avr5\libgcc.a(_copy_data.o)
 .text          0x00000000        0x0 c:/program files (x86)/atmel/studio/7.0/toolchain/avr8/avr8-gnu-toolchain/bin/../lib/gcc/avr/5.4.0/avr5\libgcc.a(_udivmodhi4.o)
 .data          0x00000000        0x0 c:/program files (x86)/atmel/studio/7.0/toolchain/avr8/avr8-gnu-toolchain/bin/../lib/gcc/avr/5.4.0/avr5\libgcc.a(_udivmodhi4.o)
 .bss           0x00000000        0x0 c:/program files (x86)/atmel/studio/7.0/toolchain/avr8/avr8-gnu-toolchain/bin/../lib/gcc/avr/5.4.0/avr5\libgcc.a(_udivmodhi4.o)
 .text.libgcc.mul
                0x00000000        0x0 c:/program files (x86)/atmel/studio/7.0/toolchain/avr8/avr8-gnu-toolchain/bin/../lib/gcc/avr/5.4.0/avr5\libgcc.a(_udivmodhi4.o)
 .text.libgcc.div
                0x00000000       0x28 c:/program files (x86)/atmel/studio/7.0/toolchain/avr8/avr8-gnu-toolchain/bin/../lib/gcc/avr/5.4.0/avr5\libgcc.a(_udivmodhi4.o)
 .text.libgcc   0x00000000        0x0 c:/program files (x86)/atmel/studio/7.0/toolchain/avr8/avr8-gnu-toolchain/bin/../lib/gcc/avr/5.4.0/avr5\libgcc.a(_udivmodhi4.o)
 .text.libgcc.prologue
                0x00000000        0x0 c:/program files (x86)/atmel/studio/7.0/toolchain/avr8/avr8-gnu-toolchain/bin/../lib/gcc/avr/5.4.0/avr5\libgcc.a(_udivmodhi4.o)
 .text.libgcc.builtins
                0x00000000        0x0 c:/program files (x86)/atmel/studio/7.0/toolchain/avr8/avr8-gnu-toolchain/bin/../lib/gcc/avr/5.4.0/avr5\libgcc.a(_udivmodhi4.o)
 .text.libgcc.fmul
                0x00000000        0x0 c:/program files (x86)/atmel/studio/7.0/toolchain/avr8/avr8-gnu-toolchain/bin/../lib/gcc/avr/5.4.0/avr5\libgcc.a(_udivmodhi4.o)
 .text.libgcc.fixed
                0x00000000        0x0 c:/program files (x86)/atmel/studio/7.0/toolchain/avr8/avr8-gnu-toolchain/bin/../lib/gcc/avr/5.4.0/avr5\libgcc.a(_udivmodhi4.o)
 .text          0x00000000        0x0 c:/program files (x86)/atmel/studio/7.0/toolchain/avr8/avr8-gnu-toolchain/bin/../lib/gcc/avr/5.4.0/../../../../avr/lib/avr5\libc.a(strcmp.o)
 .data          0x00000000        0x0 c:/program files (x86)/atmel/studio/7.0/toolchain/avr8/avr8-gnu-toolchain/bin/../lib/gcc/avr/5.4.0/../../../../avr/lib/avr5\libc.a(strcmp.o)
 .bss           0x00000000        0x0 c:/program files (x86)/atmel/studio/7.0/toolchain/avr8/avr8-gnu-toolchain/bin/../lib/gcc/avr/5.4.0/../../../../avr/lib/avr5\libc.a(strcmp.o)

Memory Configuration

Name             Origin             Length             Attributes
text             0x00000000         0x00008000         xr
data             0x00800060         0x00000800         rw !x
eeprom           0x00810000         0x00000400         rw !x
fuse             0x00820000         0x00000002         rw !x
lock             0x00830000         0x00000400         rw !x
signature        0x00840000         0x00000400         rw !x
user_signatures  0x00850000         0x00000400         rw !x
*default*        0x00000000         0xffffffff

Linker script and memory map

LOAD C:/Program Files (x86)/Atmel/Studio/7.0/Packs/atmel/ATmega_DFP/1.7.374/gcc/dev/atmega32/avr5/crtatmega32.o
LOAD AES/src/AES_program.o
LOAD HAL/BUZZER/src/Buzzer_program.o
LOAD HAL/DC/src/DCMOTOR_program.o
LOAD HAL/DC/src/DCMOTOR_test.o
LOAD HAL/EEPROM/src/EEPROM_program.o
LOAD HAL/KEYPAD/src/KPD_program.o
LOAD HAL/LCD/src/LCD_program.o
LOAD HAL/LED/src/LED_program.o
LOAD HAL/SERVO/src/SRVM_program.o
LOAD HAL/SWITCH/src/SWITCH_program.o
LOAD main.o
LOAD MCAL/DIO/src/DIO_program.o
LOAD MCAL/EXTI/src/EXTI_program.o
LOAD MCAL/PWM/src/PWM_program.o
LOAD MCAL/TWI/src/TWI_program.o
LOAD MCAL/UART/src/UART_program.o
START GROUP
LOAD c:/program files (x86)/atmel/studio/7.0/toolchain/avr8/avr8-gnu-toolchain/bin/../lib/gcc/avr/5.4.0/../../../../avr/lib/avr5\libm.a
END GROUP
START GROUP
LOAD c:/program files (x86)/atmel/studio/7.0/toolchain/avr8/avr8-gnu-toolchain/bin/../lib/gcc/avr/5.4.0/avr5\libgcc.a
LOAD c:/program files (x86)/atmel/studio/7.0/toolchain/avr8/avr8-gnu-toolchain/bin/../lib/gcc/avr/5.4.0/../../../../avr/lib/avr5\libm.a
LOAD c:/program files (x86)/atmel/studio/7.0/toolchain/avr8/avr8-gnu-toolchain/bin/../lib/gcc/avr/5.4.0/../../../../avr/lib/avr5\libc.a
LOAD C:/Program Files (x86)/Atmel/Studio/7.0/Packs/atmel/ATmega_DFP/1.7.374/gcc/dev/atmega32/avr5\libatmega32.a
END GROUP
                0x00000000                __TEXT_REGION_ORIGIN__ = DEFINED (__TEXT_REGION_ORIGIN__)?__TEXT_REGION_ORIGIN__:0x0
                [0x00800060]                __DATA_REGION_ORIGIN__ = DEFINED (__DATA_REGION_ORIGIN__)?__DATA_REGION_ORIGIN__:0x800060
                [0x00008000]                __TEXT_REGION_LENGTH__ = DEFINED (__TEXT_REGION_LENGTH__)?__TEXT_REGION_LENGTH__:0x20000
                [0x00000800]                __DATA_REGION_LENGTH__ = DEFINED (__DATA_REGION_LENGTH__)?__DATA_REGION_LENGTH__:0xffa0
                [0x00000400]                __EEPROM_REGION_LENGTH__ = DEFINED (__EEPROM_REGION_LENGTH__)?__EEPROM_REGION_LENGTH__:0x10000
                [0x00000002]                __FUSE_REGION_LENGTH__ = DEFINED (__FUSE_REGION_LENGTH__)?__FUSE_REGION_LENGTH__:0x400
                0x00000400                __LOCK_REGION_LENGTH__ = DEFINED (__LOCK_REGION_LENGTH__)?__LOCK_REGION_LENGTH__:0x400
                0x00000400                __SIGNATURE_REGION_LENGTH__ = DEFINED (__SIGNATURE_REGION_LENGTH__)?__SIGNATURE_REGION_LENGTH__:0x400
                0x00000400                __USER_SIGNATURE_REGION_LENGTH__ = DEFINED (__USER_SIGNATURE_REGION_LENGTH__)?__USER_SIGNATURE_REGION_LENGTH__:0x400

.hash
 *(.hash)

.dynsym
 *(.dynsym)

.dynstr
 *(.dynstr)

.gnu.version
 *(.gnu.version)

.gnu.version_d
 *(.gnu.version_d)

.gnu.version_r
 *(.gnu.version_r)

.rel.init
 *(.rel.init)

.rela.init
 *(.rela.init)

.rel.text
 *(.rel.text)
 *(.rel.text.*)
 *(.rel.gnu.linkonce.t*)

.rela.text
 *(.rela.text)
 *(.rela.text.*)
 *(.rela.gnu.linkonce.t*)

.rel.fini
 *(.rel.fini)

.rela.fini
 *(.rela.fini)

.rel.rodata
 *(.rel.rodata)
 *(.rel.rodata.*)
 *(.rel.gnu.linkonce.r*)

.rela.rodata
 *(.rela.rodata)
 *(.rela.rodata.*)
 *(.rela.gnu.linkonce.r*)

.rel.data
 *(.rel.data)
 *(.rel.data.*)
 *(.rel.gnu.linkonce.d*)

.rela.data
 *(.rela.data)
 *(.rela.data.*)
 *(.rela.gnu.linkonce.d*)

.rel.ctors
 *(.rel.ctors)

.rela.ctors
 *(.rela.ctors)

.rel.dtors
 *(.rel.dtors)

.rela.dtors
 *(.rela.dtors)

.rel.got
 *(.rel.got)

.rela.got
 *(.rela.got)

.rel.bss
 *(.rel.bss)

.rela.bss
 *(.rela.bss)

.rel.plt
 *(.rel.plt)

.rela.plt
 *(.rela.plt)

.text           0x00000000     0x1336
 *(.vectors)
 .vectors       0x00000000       0x54 C:/Program Files (x86)/Atmel/Studio/7.0/Packs/atmel/ATmega_DFP/1.7.374/gcc/dev/atmega32/avr5/crtatmega32.o
                0x00000000                __vector_default
                0x00000000                __vectors
 *(.vectors)
 *(.progmem.gcc*)
                0x00000054                . = ALIGN (0x2)
                0x00000054                __trampolines_start = .
 *(.trampolines)
 .trampolines   0x00000054        0x0 linker stubs
 *(.trampolines*)
                0x00000054                __trampolines_end = .
 *libprintf_flt.a:*(.progmem.data)
 *libc.a:*(.progmem.data)
 *(.progmem*)
                0x00000054                . = ALIGN (0x2)
 *(.jumptables)
 *(.jumptables*)
 *(.lowtext)
 *(.lowtext*)
                0x00000054                __ctors_start = .
 *(.ctors)
                0x00000054                __ctors_end = .
                0x00000054                __dtors_start = .
 *(.dtors)
                0x00000054                __dtors_end = .
 SORT(*)(.ctors)
 SORT(*)(.dtors)
 *(.init0)
 .init0         0x00000054        0x0 C:/Program Files (x86)/Atmel/Studio/7.0/Packs/atmel/ATmega_DFP/1.7.374/gcc/dev/atmega32/avr5/crtatmega32.o
                0x00000054                __init
 *(.init0)
 *(.init1)
 *(.init1)
 *(.init2)
 .init2         0x00000054        0xc C:/Program Files (x86)/Atmel/Studio/7.0/Packs/atmel/ATmega_DFP/1.7.374/gcc/dev/atmega32/avr5/crtatmega32.o
 *(.init2)
 *(.init3)
 *(.init3)
 *(.init4)
 .init4         0x00000060       0x16 c:/program files (x86)/atmel/studio/7.0/toolchain/avr8/avr8-gnu-toolchain/bin/../lib/gcc/avr/5.4.0/avr5\libgcc.a(_copy_data.o)
                0x00000060                __do_copy_data
 *(.init4)
 *(.init5)
 *(.init5)
 *(.init6)
 *(.init6)
 *(.init7)
 *(.init7)
 *(.init8)
 *(.init8)
 *(.init9)
 .init9         0x00000076        0x8 C:/Program Files (x86)/Atmel/Studio/7.0/Packs/atmel/ATmega_DFP/1.7.374/gcc/dev/atmega32/avr5/crtatmega32.o
 *(.init9)
 *(.text)
 .text          0x0000007e        0x4 C:/Program Files (x86)/Atmel/Studio/7.0/Packs/atmel/ATmega_DFP/1.7.374/gcc/dev/atmega32/avr5/crtatmega32.o
                0x0000007e                __vector_1
                0x0000007e                __vector_12
                0x0000007e                __bad_interrupt
                0x0000007e                __vector_6
                0x0000007e                __vector_3
                0x0000007e                __vector_11
                0x0000007e                __vector_13
                0x0000007e                __vector_17
                0x0000007e                __vector_19
                0x0000007e                __vector_7
                0x0000007e                __vector_5
                0x0000007e                __vector_4
                0x0000007e                __vector_9
                0x0000007e                __vector_2
                0x0000007e                __vector_15
                0x0000007e                __vector_8
                0x0000007e                __vector_14
                0x0000007e                __vector_10
                0x0000007e                __vector_16
                0x0000007e                __vector_18
                0x0000007e                __vector_20
                0x00000082                . = ALIGN (0x2)
 *(.text.*)
 .text.BUZZER_voidInit
                0x00000082        0x8 HAL/BUZZER/src/Buzzer_program.o
                0x00000082                BUZZER_voidInit
 .text.BUZZER_voidTurnOn
                0x0000008a        0x8 HAL/BUZZER/src/Buzzer_program.o
                0x0000008a                BUZZER_voidTurnOn
 .text.BUZZER_voidTurnOff
                0x00000092        0x8 HAL/BUZZER/src/Buzzer_program.o
                0x00000092                BUZZER_voidTurnOff
 .text.DCMOTOR_voidInit
                0x0000009a       0x24 HAL/DC/src/DCMOTOR_program.o
                0x0000009a                DCMOTOR_voidInit
 .text.DCMOTOR_voidOn
                0x000000be       0x44 HAL/DC/src/DCMOTOR_program.o
                0x000000be                DCMOTOR_voidOn
 .text.DCMOTOR_voidOff
                0x00000102       0x10 HAL/DC/src/DCMOTOR_program.o
                0x00000102                DCMOTOR_voidOff
 .text.EEPROM_writeByte
                0x00000112       0x18 HAL/EEPROM/src/EEPROM_program.o
                0x00000112                EEPROM_writeByte
 .text.EEPROM_writeString
                0x0000012a       0x2e HAL/EEPROM/src/EEPROM_program.o
                0x0000012a                EEPROM_writeString
 .text.EEPROM_clear
                0x00000158       0x22 HAL/EEPROM/src/EEPROM_program.o
                0x00000158                EEPROM_clear
 .text.KPD_voidInit
                0x0000017a       0x72 HAL/KEYPAD/src/KPD_program.o
                0x0000017a                KPD_voidInit
 .text.KPD_voidGetValue
                0x000001ec      0x15c HAL/KEYPAD/src/KPD_program.o
                0x000001ec                KPD_voidGetValue
 .text.PRV_voidWriteHalfPort
                0x00000348       0x70 HAL/LCD/src/LCD_program.o
 .text.LCD_voidSendCommand
                0x000003b8       0x6c HAL/LCD/src/LCD_program.o
                0x000003b8                LCD_voidSendCommand
 .text.LCD_voidInit
                0x00000424       0xc4 HAL/LCD/src/LCD_program.o
                0x00000424                LCD_voidInit
 .text.LCD_voidDisplayChar
                0x000004e8       0x6c HAL/LCD/src/LCD_program.o
                0x000004e8                LCD_voidDisplayChar
 .text.LCD_voidDisplayString
                0x00000554       0x2c HAL/LCD/src/LCD_program.o
                0x00000554                LCD_voidDisplayString
 .text.LED_voidInit
                0x00000580        0x8 HAL/LED/src/LED_program.o
                0x00000580                LED_voidInit
 .text.LED_voidTurnOn
                0x00000588        0x8 HAL/LED/src/LED_program.o
                0x00000588                LED_voidTurnOn
 .text.LED_voidTurnOff
                0x00000590        0x8 HAL/LED/src/LED_program.o
                0x00000590                LED_voidTurnOff
 .text.SRVM_voidInit
                0x00000598       0x10 HAL/SERVO/src/SRVM_program.o
                0x00000598                SRVM_voidInit
 .text.SRVM_voidOn
                0x000005a8       0x4e HAL/SERVO/src/SRVM_program.o
                0x000005a8                SRVM_voidOn
 .text.SRVM_voidOff
                0x000005f6        0x6 HAL/SERVO/src/SRVM_program.o
                0x000005f6                SRVM_voidOff
 .text.setPassword
                0x000005fc      0x206 main.o
                0x000005fc                setPassword
 .text.main     0x00000802      0x232 main.o
                0x00000802                main
 .text.DIO_voidSetPinDirection
                0x00000a34       0xee MCAL/DIO/src/DIO_program.o
                0x00000a34                DIO_voidSetPinDirection
 .text.DIO_voidSetPinValue
                0x00000b22       0xfa MCAL/DIO/src/DIO_program.o
                0x00000b22                DIO_voidSetPinValue
 .text.DIO_voidGetPinValue
                0x00000c1c       0x76 MCAL/DIO/src/DIO_program.o
                0x00000c1c                DIO_voidGetPinValue
 .text.DIO_voidActivePinInPullUpResistance
                0x00000c92       0x70 MCAL/DIO/src/DIO_program.o
                0x00000c92                DIO_voidActivePinInPullUpResistance
 .text.PWM_voidInitChannel_1A
                0x00000d02       0x26 MCAL/PWM/src/PWM_program.o
                0x00000d02                PWM_voidInitChannel_1A
 .text.PWM_voidGenerate_PWM_Channel_1A
                0x00000d28       0x98 MCAL/PWM/src/PWM_program.o
                0x00000d28                PWM_voidGenerate_PWM_Channel_1A
 .text.PWM_voidStopChannel_1A
                0x00000dc0       0x1c MCAL/PWM/src/PWM_program.o
                0x00000dc0                PWM_voidStopChannel_1A
 .text.UART_voidInit
                0x00000ddc       0x22 MCAL/UART/src/UART_program.o
                0x00000ddc                UART_voidInit
 .text.UART_voidTxChar
                0x00000dfe        0x8 MCAL/UART/src/UART_program.o
                0x00000dfe                UART_voidTxChar
 .text.UART_voidRxChar
                0x00000e06       0x10 MCAL/UART/src/UART_program.o
                0x00000e06                UART_voidRxChar
 .text.UART_voidTxString
                0x00000e16       0x2c MCAL/UART/src/UART_program.o
                0x00000e16                UART_voidTxString
 .text.UART_voidRxString
                0x00000e42       0x36 MCAL/UART/src/UART_program.o
                0x00000e42                UART_voidRxString
 .text.avr-libc.fplib
                0x00000e78        0xe c:/program files (x86)/atmel/studio/7.0/toolchain/avr8/avr8-gnu-toolchain/bin/../lib/gcc/avr/5.4.0/../../../../avr/lib/avr5\libm.a(addsf3.o)
                0x00000e78                __subsf3
                0x00000e7a                __addsf3
 .text.avr-libc.fplib
                0x00000e86       0xcc c:/program files (x86)/atmel/studio/7.0/toolchain/avr8/avr8-gnu-toolchain/bin/../lib/gcc/avr/5.4.0/../../../../avr/lib/avr5\libm.a(addsf3x.o)
                0x00000ea8                __addsf3x
 .text.avr-libc.fplib
                0x00000f52        0xa c:/program files (x86)/atmel/studio/7.0/toolchain/avr8/avr8-gnu-toolchain/bin/../lib/gcc/avr/5.4.0/../../../../avr/lib/avr5\libm.a(cmpsf2.o)
                0x00000f52                __nesf2
                0x00000f52                __eqsf2
                0x00000f52                __cmpsf2
                0x00000f52                __ltsf2
                0x00000f52                __lesf2
 .text.avr-libc.fplib
                0x00000f5c        0x8 c:/program files (x86)/atmel/studio/7.0/toolchain/avr8/avr8-gnu-toolchain/bin/../lib/gcc/avr/5.4.0/../../../../avr/lib/avr5\libm.a(divsf3.o)
                0x00000f5c                __divsf3
 .text.avr-libc.fplib
                0x00000f64       0xdc c:/program files (x86)/atmel/studio/7.0/toolchain/avr8/avr8-gnu-toolchain/bin/../lib/gcc/avr/5.4.0/../../../../avr/lib/avr5\libm.a(divsf3x.o)
                0x00000f84                __divsf3x
                0x00000f8a                __divsf3_pse
 .text.avr-libc.fplib
                0x00001040       0x5e c:/program files (x86)/atmel/studio/7.0/toolchain/avr8/avr8-gnu-toolchain/bin/../lib/gcc/avr/5.4.0/../../../../avr/lib/avr5\libm.a(fixunssfsi.o)
                0x00001040                __fixunssfsi
 .text.avr-libc.fplib
                0x0000109e       0x7a c:/program files (x86)/atmel/studio/7.0/toolchain/avr8/avr8-gnu-toolchain/bin/../lib/gcc/avr/5.4.0/../../../../avr/lib/avr5\libm.a(floatsisf.o)
                0x0000109e                __floatunsisf
                0x000010a2                __floatsisf
 .text.avr-libc.fplib
                0x00001118       0x48 c:/program files (x86)/atmel/studio/7.0/toolchain/avr8/avr8-gnu-toolchain/bin/../lib/gcc/avr/5.4.0/../../../../avr/lib/avr5\libm.a(fp_cmp.o)
                0x00001118                __fp_cmp
 .text.avr-libc.fplib
                0x00001160        0xc c:/program files (x86)/atmel/studio/7.0/toolchain/avr8/avr8-gnu-toolchain/bin/../lib/gcc/avr/5.4.0/../../../../avr/lib/avr5\libm.a(fp_inf.o)
                0x00001160                __fp_inf
 .text.avr-libc.fplib
                0x0000116c        0x6 c:/program files (x86)/atmel/studio/7.0/toolchain/avr8/avr8-gnu-toolchain/bin/../lib/gcc/avr/5.4.0/../../../../avr/lib/avr5\libm.a(fp_nan.o)
                0x0000116c                __fp_nan
 .text.avr-libc.fplib
                0x00001172        0xe c:/program files (x86)/atmel/studio/7.0/toolchain/avr8/avr8-gnu-toolchain/bin/../lib/gcc/avr/5.4.0/../../../../avr/lib/avr5\libm.a(fp_pscA.o)
                0x00001172                __fp_pscA
 .text.avr-libc.fplib
                0x00001180        0xe c:/program files (x86)/atmel/studio/7.0/toolchain/avr8/avr8-gnu-toolchain/bin/../lib/gcc/avr/5.4.0/../../../../avr/lib/avr5\libm.a(fp_pscB.o)
                0x00001180                __fp_pscB
 .text.avr-libc.fplib
                0x0000118e       0x22 c:/program files (x86)/atmel/studio/7.0/toolchain/avr8/avr8-gnu-toolchain/bin/../lib/gcc/avr/5.4.0/../../../../avr/lib/avr5\libm.a(fp_round.o)
                0x0000118e                __fp_round
 .text.avr-libc.fplib
                0x000011b0       0x44 c:/program files (x86)/atmel/studio/7.0/toolchain/avr8/avr8-gnu-toolchain/bin/../lib/gcc/avr/5.4.0/../../../../avr/lib/avr5\libm.a(fp_split3.o)
                0x000011b0                __fp_split3
                0x000011c0                __fp_splitA
 .text.avr-libc.fplib
                0x000011f4        0xe c:/program files (x86)/atmel/studio/7.0/toolchain/avr8/avr8-gnu-toolchain/bin/../lib/gcc/avr/5.4.0/../../../../avr/lib/avr5\libm.a(fp_zero.o)
                0x000011f4                __fp_zero
                0x000011f6                __fp_szero
 .text.avr-libc.fplib
                0x00001202        0x8 c:/program files (x86)/atmel/studio/7.0/toolchain/avr8/avr8-gnu-toolchain/bin/../lib/gcc/avr/5.4.0/../../../../avr/lib/avr5\libm.a(mulsf3.o)
                0x00001202                __mulsf3
 .text.avr-libc.fplib
                0x0000120a       0xd2 c:/program files (x86)/atmel/studio/7.0/toolchain/avr8/avr8-gnu-toolchain/bin/../lib/gcc/avr/5.4.0/../../../../avr/lib/avr5\libm.a(mulsf3x.o)
                0x00001228                __mulsf3x
                0x0000122e                __mulsf3_pse
 .text.libgcc.div
                0x000012dc       0x44 c:/program files (x86)/atmel/studio/7.0/toolchain/avr8/avr8-gnu-toolchain/bin/../lib/gcc/avr/5.4.0/avr5\libgcc.a(_udivmodsi4.o)
                0x000012dc                __udivmodsi4
 .text.avr-libc
                0x00001320       0x12 c:/program files (x86)/atmel/studio/7.0/toolchain/avr8/avr8-gnu-toolchain/bin/../lib/gcc/avr/5.4.0/../../../../avr/lib/avr5\libc.a(strcmp.o)
                0x00001320                strcmp
                0x00001332                . = ALIGN (0x2)
 *(.fini9)
 .fini9         0x00001332        0x0 c:/program files (x86)/atmel/studio/7.0/toolchain/avr8/avr8-gnu-toolchain/bin/../lib/gcc/avr/5.4.0/avr5\libgcc.a(_exit.o)
                0x00001332                _exit
                0x00001332                exit
 *(.fini9)
 *(.fini8)
 *(.fini8)
 *(.fini7)
 *(.fini7)
 *(.fini6)
 *(.fini6)
 *(.fini5)
 *(.fini5)
 *(.fini4)
 *(.fini4)
 *(.fini3)
 *(.fini3)
 *(.fini2)
 *(.fini2)
 *(.fini1)
 *(.fini1)
 *(.fini0)
 .fini0         0x00001332        0x4 c:/program files (x86)/atmel/studio/7.0/toolchain/avr8/avr8-gnu-toolchain/bin/../lib/gcc/avr/5.4.0/avr5\libgcc.a(_exit.o)
 *(.fini0)
                0x00001336                _etext = .

.data           0x00800060       0x8c load address 0x00001336
                0x00800060                PROVIDE (__data_start, .)
 *(.data)
 *(.data*)
 *(.gnu.linkonce.d*)
 *(.rodata)
 .rodata        0x00800060       0x10 HAL/KEYPAD/src/KPD_program.o
 *(.rodata*)
 .rodata.str1.1
                0x00800070       0x7c main.o
 *(.gnu.linkonce.r*)
                0x008000ec                . = ALIGN (0x2)
                0x008000ec                _edata = .
                0x008000ec                PROVIDE (__data_end, .)

.bss            0x008000ec        0x0
                [!provide]                PROVIDE (__bss_start, .)
 *(.bss)
 *(.bss*)
 *(COMMON)
                [!provide]                PROVIDE (__bss_end, .)
                0x00001336                __data_load_start = LOADADDR (.data)
                0x000013c2                __data_load_end = (__data_load_start + SIZEOF (.data))

.noinit         0x008000ec        0x0
                [!provide]                PROVIDE (__noinit_start, .)
 *(.noinit*)
                [!provide]                PROVIDE (__noinit_end, .)
                0x008000ec                _end = .
                [!provide]                PROVIDE (__heap_start, .)

.eeprom         0x00810000        0x0
 *(.eeprom*)
                0x00810000                __eeprom_end = .

.fuse
 *(.fuse)
 *(.lfuse)
 *(.hfuse)
 *(.efuse)

.lock
 *(.lock*)

.signature
 *(.signature*)

.user_signatures
 *(.user_signatures*)

.stab
 *(.stab)

.stabstr
 *(.stabstr)

.stab.excl
 *(.stab.excl)

.stab.exclstr
 *(.stab.exclstr)

.stab.index
 *(.stab.index)

.stab.indexstr
 *(.stab.indexstr)

.comment        0x00000000       0x30
 *(.comment)
 .comment       0x00000000       0x30 HAL/BUZZER/src/Buzzer_program.o
                                 0x31 (size before relaxing)
 .comment       0x00000030       0x31 HAL/DC/src/DCMOTOR_program.o
 .comment       0x00000030       0x31 HAL/EEPROM/src/EEPROM_program.o
 .comment       0x00000030       0x31 HAL/KEYPAD/src/KPD_program.o
 .comment       0x00000030       0x31 HAL/LCD/src/LCD_program.o
 .comment       0x00000030       0x31 HAL/LED/src/LED_program.o
 .comment       0x00000030       0x31 HAL/SERVO/src/SRVM_program.o
 .comment       0x00000030       0x31 main.o
 .comment       0x00000030       0x31 MCAL/DIO/src/DIO_program.o
 .comment       0x00000030       0x31 MCAL/PWM/src/PWM_program.o
 .comment       0x00000030       0x31 MCAL/UART/src/UART_program.o

.note.gnu.avr.deviceinfo
                0x00000000       0x3c
 .note.gnu.avr.deviceinfo
                0x00000000       0x3c C:/Program Files (x86)/Atmel/Studio/7.0/Packs/atmel/ATmega_DFP/1.7.374/gcc/dev/atmega32/avr5/crtatmega32.o

.note.gnu.build-id
 *(.note.gnu.build-id)

.debug
 *(.debug)

.line
 *(.line)

.debug_srcinfo
 *(.debug_srcinfo)

.debug_sfnames
 *(.debug_sfnames)

.debug_aranges  0x00000000      0x290
 *(.debug_aranges)
 .debug_aranges
                0x00000000       0x38 HAL/BUZZER/src/Buzzer_program.o
 .debug_aranges
                0x00000038       0x30 HAL/DC/src/DCMOTOR_program.o
 .debug_aranges
                0x00000068       0x40 HAL/EEPROM/src/EEPROM_program.o
 .debug_aranges
                0x000000a8       0x28 HAL/KEYPAD/src/KPD_program.o
 .debug_aranges
                0x000000d0       0x48 HAL/LCD/src/LCD_program.o
 .debug_aranges
                0x00000118       0x38 HAL/LED/src/LED_program.o
 .debug_aranges
                0x00000150       0x30 HAL/SERVO/src/SRVM_program.o
 .debug_aranges
                0x00000180       0x28 main.o
 .debug_aranges
                0x000001a8       0x68 MCAL/DIO/src/DIO_program.o
 .debug_aranges
                0x00000210       0x40 MCAL/PWM/src/PWM_program.o
 .debug_aranges
                0x00000250       0x40 MCAL/UART/src/UART_program.o

.debug_pubnames
 *(.debug_pubnames)

.debug_info     0x00000000     0x2d21
 *(.debug_info .gnu.linkonce.wi.*)
 .debug_info    0x00000000      0x4e6 C:/Program Files (x86)/Atmel/Studio/7.0/Packs/atmel/ATmega_DFP/1.7.374/gcc/dev/atmega32/avr5/crtatmega32.o
 .debug_info    0x000004e6      0x1e6 HAL/BUZZER/src/Buzzer_program.o
 .debug_info    0x000006cc      0x20c HAL/DC/src/DCMOTOR_program.o
 .debug_info    0x000008d8      0x236 HAL/EEPROM/src/EEPROM_program.o
 .debug_info    0x00000b0e      0x35d HAL/KEYPAD/src/KPD_program.o
 .debug_info    0x00000e6b      0x8f1 HAL/LCD/src/LCD_program.o
 .debug_info    0x0000175c      0x1e6 HAL/LED/src/LED_program.o
 .debug_info    0x00001942      0x169 HAL/SERVO/src/SRVM_program.o
 .debug_info    0x00001aab      0xd18 main.o
 .debug_info    0x000027c3      0x2ac MCAL/DIO/src/DIO_program.o
 .debug_info    0x00002a6f      0x127 MCAL/PWM/src/PWM_program.o
 .debug_info    0x00002b96      0x18b MCAL/UART/src/UART_program.o

.debug_abbrev   0x00000000      0xe89
 *(.debug_abbrev)
 .debug_abbrev  0x00000000      0x4a3 C:/Program Files (x86)/Atmel/Studio/7.0/Packs/atmel/ATmega_DFP/1.7.374/gcc/dev/atmega32/avr5/crtatmega32.o
 .debug_abbrev  0x000004a3       0x80 HAL/BUZZER/src/Buzzer_program.o
 .debug_abbrev  0x00000523       0x8d HAL/DC/src/DCMOTOR_program.o
 .debug_abbrev  0x000005b0      0x132 HAL/EEPROM/src/EEPROM_program.o
 .debug_abbrev  0x000006e2       0xe9 HAL/KEYPAD/src/KPD_program.o
 .debug_abbrev  0x000007cb      0x187 HAL/LCD/src/LCD_program.o
 .debug_abbrev  0x00000952       0x80 HAL/LED/src/LED_program.o
 .debug_abbrev  0x000009d2       0xc1 HAL/SERVO/src/SRVM_program.o
 .debug_abbrev  0x00000a93      0x1bd main.o
 .debug_abbrev  0x00000c50       0xbf MCAL/DIO/src/DIO_program.o
 .debug_abbrev  0x00000d0f       0x89 MCAL/PWM/src/PWM_program.o
 .debug_abbrev  0x00000d98       0xf1 MCAL/UART/src/UART_program.o

.debug_line     0x00000000     0x1769
 *(.debug_line .debug_line.* .debug_line_end)
 .debug_line    0x00000000      0x116 C:/Program Files (x86)/Atmel/Studio/7.0/Packs/atmel/ATmega_DFP/1.7.374/gcc/dev/atmega32/avr5/crtatmega32.o
 .debug_line    0x00000116       0xd8 HAL/BUZZER/src/Buzzer_program.o
 .debug_line    0x000001ee      0x101 HAL/DC/src/DCMOTOR_program.o
 .debug_line    0x000002ef      0x1da HAL/EEPROM/src/EEPROM_program.o
 .debug_line    0x000004c9      0x17b HAL/KEYPAD/src/KPD_program.o
 .debug_line    0x00000644      0x365 HAL/LCD/src/LCD_program.o
 .debug_line    0x000009a9       0xd2 HAL/LED/src/LED_program.o
 .debug_line    0x00000a7b       0xee HAL/SERVO/src/SRVM_program.o
 .debug_line    0x00000b69      0x5ad main.o
 .debug_line    0x00001116      0x3c3 MCAL/DIO/src/DIO_program.o
 .debug_line    0x000014d9      0x14b MCAL/PWM/src/PWM_program.o
 .debug_line    0x00001624      0x145 MCAL/UART/src/UART_program.o

.debug_frame    0x00000000      0x54c
 *(.debug_frame)
 .debug_frame   0x00000000       0x54 HAL/BUZZER/src/Buzzer_program.o
 .debug_frame   0x00000054       0x44 HAL/DC/src/DCMOTOR_program.o
 .debug_frame   0x00000098       0xa4 HAL/EEPROM/src/EEPROM_program.o
 .debug_frame   0x0000013c       0x80 HAL/KEYPAD/src/KPD_program.o
 .debug_frame   0x000001bc       0x9c HAL/LCD/src/LCD_program.o
 .debug_frame   0x00000258       0x54 HAL/LED/src/LED_program.o
 .debug_frame   0x000002ac       0x44 HAL/SERVO/src/SRVM_program.o
 .debug_frame   0x000002f0       0x94 main.o
 .debug_frame   0x00000384       0xb4 MCAL/DIO/src/DIO_program.o
 .debug_frame   0x00000438       0x84 MCAL/PWM/src/PWM_program.o
 .debug_frame   0x000004bc       0x90 MCAL/UART/src/UART_program.o

.debug_str      0x00000000      0xafe
 *(.debug_str)
 .debug_str     0x00000000      0x196 C:/Program Files (x86)/Atmel/Studio/7.0/Packs/atmel/ATmega_DFP/1.7.374/gcc/dev/atmega32/avr5/crtatmega32.o
 .debug_str     0x00000196      0x1fa HAL/BUZZER/src/Buzzer_program.o
                                0x221 (size before relaxing)
 .debug_str     0x00000390       0x75 HAL/DC/src/DCMOTOR_program.o
                                0x1ee (size before relaxing)
 .debug_str     0x00000405       0xc7 HAL/EEPROM/src/EEPROM_program.o
                                0x226 (size before relaxing)
 .debug_str     0x000004cc      0x121 HAL/KEYPAD/src/KPD_program.o
                                0x29a (size before relaxing)
 .debug_str     0x000005ed      0x123 HAL/LCD/src/LCD_program.o
                                0x2ce (size before relaxing)
 .debug_str     0x00000710       0x69 HAL/LED/src/LED_program.o
                                0x1f9 (size before relaxing)
 .debug_str     0x00000779       0xb0 HAL/SERVO/src/SRVM_program.o
                                0x215 (size before relaxing)
 .debug_str     0x00000829       0xa5 main.o
                                0x3c0 (size before relaxing)
 .debug_str     0x000008ce      0x126 MCAL/DIO/src/DIO_program.o
                                0x2ee (size before relaxing)
 .debug_str     0x000009f4       0x8b MCAL/PWM/src/PWM_program.o
                                0x226 (size before relaxing)
 .debug_str     0x00000a7f       0x7f MCAL/UART/src/UART_program.o
                                0x21e (size before relaxing)

.debug_loc      0x00000000     0x17ac
 *(.debug_loc)
 .debug_loc     0x00000000      0x108 HAL/BUZZER/src/Buzzer_program.o
 .debug_loc     0x00000108       0xb6 HAL/DC/src/DCMOTOR_program.o
 .debug_loc     0x000001be      0x270 HAL/EEPROM/src/EEPROM_program.o
 .debug_loc     0x0000042e      0x183 HAL/KEYPAD/src/KPD_program.o
 .debug_loc     0x000005b1      0x46e HAL/LCD/src/LCD_program.o
 .debug_loc     0x00000a1f      0x108 HAL/LED/src/LED_program.o
 .debug_loc     0x00000b27       0x3f HAL/SERVO/src/SRVM_program.o
 .debug_loc     0x00000b66      0x632 main.o
 .debug_loc     0x00001198      0x3bc MCAL/DIO/src/DIO_program.o
 .debug_loc     0x00001554      0x109 MCAL/PWM/src/PWM_program.o
 .debug_loc     0x0000165d      0x14f MCAL/UART/src/UART_program.o

.debug_macinfo
 *(.debug_macinfo)

.debug_weaknames
 *(.debug_weaknames)

.debug_funcnames
 *(.debug_funcnames)

.debug_typenames
 *(.debug_typenames)

.debug_varnames
 *(.debug_varnames)

.debug_pubtypes
 *(.debug_pubtypes)

.debug_ranges   0x00000000      0x210
 *(.debug_ranges)
 .debug_ranges  0x00000000       0x28 HAL/BUZZER/src/Buzzer_program.o
 .debug_ranges  0x00000028       0x20 HAL/DC/src/DCMOTOR_program.o
 .debug_ranges  0x00000048       0x30 HAL/EEPROM/src/EEPROM_program.o
 .debug_ranges  0x00000078       0x18 HAL/KEYPAD/src/KPD_program.o
 .debug_ranges  0x00000090       0x50 HAL/LCD/src/LCD_program.o
 .debug_ranges  0x000000e0       0x28 HAL/LED/src/LED_program.o
 .debug_ranges  0x00000108       0x20 HAL/SERVO/src/SRVM_program.o
 .debug_ranges  0x00000128       0x18 main.o
 .debug_ranges  0x00000140       0x58 MCAL/DIO/src/DIO_program.o
 .debug_ranges  0x00000198       0x30 MCAL/PWM/src/PWM_program.o
 .debug_ranges  0x000001c8       0x48 MCAL/UART/src/UART_program.o

.debug_macro
 *(.debug_macro)
OUTPUT(SecuredHome.elf elf32-avr)
LOAD linker stubs
